[0m11:07:30.677234 [debug] [MainThread]: Sending event: {'category': 'dbt', 'action': 'invocation', 'label': 'start', 'context': [<snowplow_tracker.self_describing_json.SelfDescribingJson object at 0x000002C87B24B6B0>, <snowplow_tracker.self_describing_json.SelfDescribingJson object at 0x000002C87B24B680>, <snowplow_tracker.self_describing_json.SelfDescribingJson object at 0x000002C87B24B470>]}


============================== 11:07:30.682450 | c5933f2b-32fe-400e-84fd-a2b446ddb5ee ==============================
[0m11:07:30.682450 [info ] [MainThread]: Running with dbt=1.6.16
[0m11:07:30.684450 [debug] [MainThread]: running dbt with arguments {'printer_width': '80', 'indirect_selection': 'eager', 'write_json': 'True', 'log_cache_events': 'False', 'partial_parse': 'True', 'cache_selected_only': 'False', 'warn_error': 'None', 'fail_fast': 'False', 'version_check': 'True', 'log_path': 'logs', 'debug': 'False', 'profiles_dir': 'C:\\Users\\Reg\\.dbt', 'use_colors': 'True', 'use_experimental_parser': 'False', 'no_print': 'None', 'quiet': 'False', 'log_format': 'default', 'introspect': 'True', 'warn_error_options': 'WarnErrorOptions(include=[], exclude=[])', 'invocation_command': 'dbt ', 'target_path': 'None', 'static_parser': 'True', 'send_anonymous_usage_stats': 'True'}
[0m11:07:30.696515 [error] [MainThread]: Encountered an error:
Runtime Error
  No dbt_project.yml found at expected path c:\Users\Reg\Documents\GIT\.git\dbt-tutorial-course\answers\dbt_packages\dbt-utils-1.0.0\integration_tests\dbt_project.yml
  Verify that each entry within packages.yml (and their transitive dependencies) contains a file named dbt_project.yml
  
[0m11:07:30.697544 [debug] [MainThread]: Command `cli deps` failed at 11:07:30.697544 after 0.07 seconds
[0m11:07:30.698551 [debug] [MainThread]: Sending event: {'category': 'dbt', 'action': 'invocation', 'label': 'end', 'context': [<snowplow_tracker.self_describing_json.SelfDescribingJson object at 0x000002C87AB996A0>, <snowplow_tracker.self_describing_json.SelfDescribingJson object at 0x000002C87A0F3C80>, <snowplow_tracker.self_describing_json.SelfDescribingJson object at 0x000002C874A77D40>]}
[0m11:07:30.699282 [debug] [MainThread]: Flushing usage events
[0m11:07:32.879398 [debug] [MainThread]: Sending event: {'category': 'dbt', 'action': 'invocation', 'label': 'start', 'context': [<snowplow_tracker.self_describing_json.SelfDescribingJson object at 0x0000026E4A40B830>, <snowplow_tracker.self_describing_json.SelfDescribingJson object at 0x0000026E4A40B980>, <snowplow_tracker.self_describing_json.SelfDescribingJson object at 0x0000026E4A40B680>]}


============================== 11:07:32.883815 | 32c8626e-3a83-49a8-9c6c-1dcad3dea60e ==============================
[0m11:07:32.883815 [info ] [MainThread]: Running with dbt=1.6.16
[0m11:07:32.885831 [debug] [MainThread]: running dbt with arguments {'printer_width': '80', 'indirect_selection': 'eager', 'log_cache_events': 'False', 'write_json': 'True', 'partial_parse': 'True', 'cache_selected_only': 'False', 'warn_error': 'None', 'version_check': 'True', 'debug': 'False', 'log_path': 'logs', 'profiles_dir': 'C:\\Users\\Reg\\.dbt', 'fail_fast': 'False', 'use_colors': 'True', 'use_experimental_parser': 'False', 'no_print': 'None', 'quiet': 'False', 'warn_error_options': 'WarnErrorOptions(include=[], exclude=[])', 'static_parser': 'True', 'log_format': 'default', 'introspect': 'True', 'target_path': 'None', 'invocation_command': 'dbt ', 'send_anonymous_usage_stats': 'True'}
[0m11:07:32.886666 [error] [MainThread]: Encountered an error:
Runtime Error
  No dbt_project.yml found at expected path c:\Users\Reg\Documents\GIT\.git\dbt-tutorial-course\answers\dbt_packages\dbt-utils-1.0.0\integration_tests\dbt_project.yml
  Verify that each entry within packages.yml (and their transitive dependencies) contains a file named dbt_project.yml
  
[0m11:07:32.887534 [debug] [MainThread]: Command `cli deps` failed at 11:07:32.887534 after 0.06 seconds
[0m11:07:32.888542 [debug] [MainThread]: Sending event: {'category': 'dbt', 'action': 'invocation', 'label': 'end', 'context': [<snowplow_tracker.self_describing_json.SelfDescribingJson object at 0x0000026E49C53AA0>, <snowplow_tracker.self_describing_json.SelfDescribingJson object at 0x0000026E49F4DFD0>, <snowplow_tracker.self_describing_json.SelfDescribingJson object at 0x0000026E4A305940>]}
[0m11:07:32.889540 [debug] [MainThread]: Flushing usage events
